Document {
    Slide {
        ThematicBreak {
        }
    }
    Slide {
        Heading {
            Text {
            }
            Text {
            }
            Text {
            }
            Text {
            }
            Text {
            }
            Text {
            }
            Text {
            }
            Text {
            }
            Text {
            }
            Text {
            }
            Text {
            }
            Text {
            }
            Text {
            }
            Text {
            }
            Text {
            }
            Text {
            }
            Text {
            }
            Text {
            }
            Text {
            }
            Text {
            }
            Text {
            }
            Text {
            }
            Text {
            }
            Text {
            }
            Text {
            }
            Text {
            }
            Text {
            }
            Text {
            }
        }
    }
    Slide {
        Heading {
            Text {
            }
            Text {
            }
        }
        Blockquote {
            Blockquote {
                Paragraph {
                    Text {
                    }
                    Text {
                    }
                    Text {
                    }
                }
            }
            Paragraph {
                Text {
                }
                Text {
                }
            }
        }
        List {
            ListItem {
                Paragraph {
                    Text {
                    }
                    Text {
                    }
                }
            }
            ListItem {
                Paragraph {
                    Text {
                    }
                    Text {
                    }
                    Text {
                    }
                    Text {
                    }
                    Text {
                    }
                }
            }
            ListItem {
                Paragraph {
                    Text {
                    }
                    FootnoteReference {
                    }
                }
            }
        }
        FootnoteDefinition {
            Paragraph {
                Text {
                }
                Text {
                }
                Text {
                }
                Text {
                }
            }
            Paragraph {
                Text {
                }
                Image {
                    Text {
                    }
                }
            }
        }
    }
    Slide {
        Heading {
            Text {
            }
            Text {
            }
        }
        Paragraph {
            Text {
            }
            Text {
            }
        }
        List {
            ListItem {
                Paragraph {
                    Text {
                    }
                    Text {
                    }
                }
            }
            ListItem {
                Paragraph {
                    Text {
                    }
                    Text {
                    }
                }
            }
            ListItem {
                Paragraph {
                    Text {
                    }
                }
                List {
                    ListItem {
                        Paragraph {
                            Text {
                            }
                        }
                    }
                    ListItem {
                        Paragraph {
                            Text {
                            }
                            Text {
                            }
                        }
                    }
                    ListItem {
                        Paragraph {
                            Text {
                            }
                        }
                        Paragraph {
                            Text {
                            }
                            Text {
                            }
                        }
                    }
                }
            }
        }
        Paragraph {
            Text {
            }
            Text {
            }
        }
        HTMLBlock {
        }
        ThematicBreak {
        }
        Paragraph {
            Text {
            }
            Image {
                Text {
                }
            }
        }
        Blockquote {
            Paragraph {
                Text {
                }
                Text {
                }
            }
            Paragraph {
                Text {
                }
                Text {
                }
            }
            Paragraph {
                Text {
                }
                Text {
                }
            }
        }
        CodeBlock {
        }
        CodeBlock {
        }
        Paragraph {
            Image {
                Text {
                }
            }
        }
        Paragraph {
            Strong {
                Text {
                }
            }
        }
        ThematicBreak {
        }
    }
    Slide {
        Heading {
            Text {
            }
            Text {
            }
        }
        Blockquote {
            Blockquote {
                Paragraph {
                    Image {
                        Text {
                        }
                    }
                }
            }
        }
    }
    Slide {
        Heading {
            Text {
            }
            Text {
            }
        }
        Blockquote {
            Blockquote {
                Paragraph {
                    Image {
                        Text {
                        }
                    }
                }
            }
        }
        Paragraph {
            Text {
            }
            Text {
            }
            Text {
            }
            Text {
            }
        }
    }
    Slide {
        Heading {
            Text {
            }
            Text {
            }
        }
        Paragraph {
            Text {
            }
            Text {
            }
            Text {
            }
            Text {
            }
        }
        Blockquote {
            Blockquote {
                Paragraph {
                    Image {
                        Text {
                        }
                    }
                }
            }
        }
        ThematicBreak {
        }
    }
    Slide {
        Heading {
            Text {
            }
            Text {
            }
        }
        Paragraph {
            Image {
                Text {
                }
            }
        }
        Paragraph {
            Text {
            }
        }
        CodeBlock {
        }
        Paragraph {
            Text {
            }
        }
        CodeBlock {
        }
        ThematicBreak {
        }
        CodeBlock {
        }
        CodeBlock {
        }
        CodeBlock {
        }
        DefinitionList {
            DefinitionTerm {
                Text {
                }
                Text {
                }
            }
            DefinitionDescription {
                Paragraph {
                    Text {
                    }
                    Text {
                    }
                }
            }
            DefinitionDescription {
                Paragraph {
                    Text {
                    }
                    Text {
                    }
                }
            }
            DefinitionDescription {
                Paragraph {
                    Text {
                    }
                    Text {
                    }
                }
            }
        }
        ThematicBreak {
        }
        CodeBlock {
        }
        Paragraph {
            Text {
            }
            Text {
            }
        }
        CodeBlock {
        }
        Paragraph {
            Image {
                Text {
                }
            }
        }
    }
    Slide {
        Heading {
            Text {
            }
            Text {
            }
        }
        Paragraph {
            Text {
            }
            RawHTML {
            }
            Text {
            }
            RawHTML {
            }
            Text {
            }
            Text {
            }
        }
        Paragraph {
            Text {
            }
        }
        HTMLBlock {
        }
    }
    Slide {
        Heading {
            Text {
            }
            Text {
            }
        }
        Paragraph {
            Text {
            }
            Text {
            }
            Text {
            }
            Text {
            }
            Text {
            }
        }
        Paragraph {
            Text {
            }
            RawHTML {
            }
            Text {
            }
            RawHTML {
            }
            Text {
            }
            RawHTML {
            }
            Text {
            }
            RawHTML {
            }
        }
        ThematicBreak {
        }
        Paragraph {
            Text {
            }
            Text {
            }
            Text {
            }
        }
    }
    Slide {
        Heading {
            Text {
            }
            Text {
            }
        }
        Paragraph {
            Text {
            }
            Text {
            }
        }
        Paragraph {
            Text {
            }
            Text {
            }
        }
        ThematicBreak {
        }
        Paragraph {
            Image {
                Text {
                }
            }
        }
        ThematicBreak {
        }
    }
    Slide {
        Heading {
            Text {
            }
            Text {
            }
        }
        Paragraph {
            Text {
            }
            Text {
            }
            Emphasis {
                Text {
                }
            }
            Text {
            }
            Text {
            }
        }
        Paragraph {
            Text {
            }
            Text {
            }
        }
        Paragraph {
            Text {
            }
            Text {
            }
        }
        List {
            ListItem {
                Paragraph {
                    Text {
                    }
                }
            }
            ListItem {
                Paragraph {
                    Text {
                    }
                }
            }
        }
        Paragraph {
            Text {
            }
            Text {
            }
            Strikethrough {
                Text {
                }
            }
        }
        CodeBlock {
        }
        ThematicBreak {
        }
        Paragraph {
            Text {
            }
            Text {
            }
            Text {
            }
        }
        Paragraph {
            Text {
            }
            FootnoteReference {
            }
            Text {
            }
            Text {
            }
        }
        FootnoteDefinition {
            Paragraph {
                Text {
                }
                CodeSpan {
                }
            }
        }
        Blockquote {
            Paragraph {
                Text {
                }
                Text {
                }
            }
        }
        ThematicBreak {
        }
    }
    Slide {
        Heading {
            Text {
            }
            Text {
            }
        }
        Paragraph {
            Text {
            }
            Text {
            }
        }
        CodeBlock {
        }
        ThematicBreak {
        }
    }
    Slide {
        Heading {
            Text {
            }
            Text {
            }
        }
        CodeBlock {
        }
        ThematicBreak {
        }
        Paragraph {
            Text {
            }
            Text {
            }
            Image {
            }
        }
        Paragraph {
            Text {
            }
            Text {
            }
        }
        ThematicBreak {
        }
    }
    Slide {
        Heading {
            Text {
            }
            Text {
            }
        }
        Paragraph {
            Text {
            }
            Text {
            }
        }
        ThematicBreak {
        }
    }
    Slide {
        Heading {
            Text {
            }
            Text {
            }
        }
        Paragraph {
            Image {
                Text {
                }
            }
        }
        Paragraph {
            Text {
            }
            Text {
            }
        }
        Paragraph {
            Text {
            }
            Text {
            }
        }
        Paragraph {
            Text {
            }
            Text {
            }
        }
        Paragraph {
            Text {
            }
            Text {
            }
        }
        Paragraph {
            Text {
            }
            Text {
            }
        }
        Paragraph {
            Text {
            }
            Text {
            }
        }
        Paragraph {
            Text {
            }
            Text {
            }
        }
        Paragraph {
            Text {
            }
            Text {
            }
        }
        Paragraph {
            Text {
            }
            Text {
            }
        }
        ThematicBreak {
        }
        Blockquote {
            Paragraph {
                Text {
                }
                Text {
                }
            }
        }
        List {
            ListItem {
                Paragraph {
                    Text {
                    }
                }
            }
            ListItem {
                Paragraph {
                    Text {
                    }
                }
            }
            ListItem {
                Paragraph {
                    Text {
                    }
                }
            }
        }
        ThematicBreak {
        }
        List {
            ListItem {
                Paragraph {
                    Text {
                    }
                }
            }
            ListItem {
                Paragraph {
                    Text {
                    }
                }
            }
            ListItem {
                Paragraph {
                    Text {
                    }
                }
            }
        }
        ThematicBreak {
        }
        Paragraph {
            Image {
                Text {
                }
            }
        }
        Paragraph {
            Text {
            }
            Text {
            }
        }
        Paragraph {
            Text {
            }
            Text {
            }
            Text {
            }
            Text {
            }
            Text {
            }
            Text {
            }
        }
        ThematicBreak {
        }
        Paragraph {
            Text {
            }
            Text {
            }
        }
        Paragraph {
            Text {
            }
            Text {
            }
            Text {
            }
        }
        ThematicBreak {
        }
        Paragraph {
            Text {
            }
            Text {
            }
            Text {
            }
        }
        Paragraph {
            Text {
            }
            Text {
            }
        }
        ThematicBreak {
        }
    }
    Slide {
        Heading {
            Text {
            }
        }
        Paragraph {
            Text {
            }
            Text {
            }
        }
        Blockquote {
            Paragraph {
                Text {
                }
                Text {
                }
            }
        }
    }
}
