Document: MdCoach Demo {
  [id="ac5aa1e3915fd16f"]
  MetaBlock
  Slide: MdCoach Demo {
    [data-heading-level="1"]
    [data-layout="splash"]
    Heading: MdCoach Demo {
      Text: MdCoach
      Text: Demo
    }
    Figure: cat image {
      Image: cat image {
        Text: cat image
      }
    }
    Aside: notes {
      Paragraph: notes {
        Text: notes
      }
    }
  }
  Slide: Figure To the Right {
    [data-heading-level="3"]
    [data-layout="right-aside"]
    Heading: Figure To the Right {
      Text: Figure To the
      Text: Right
    }
    Paragraph: Some text before figure. {
      Text: Some text before figure
      Text: .
    }
    Figure: cat image {
      Image: cat image {
        Text: cat image
      }
    }
  }
  Slide: Figure To the Left {
    [data-heading-level="2"]
    [data-layout="left-aside"]
    Heading: Figure To the Left {
      Text: Figure To the
      Text: Left
    }
    Figure: cat image {
      Image: cat image {
        Text: cat image
      }
    }
    Paragraph: Some text after figure. {
      Text: Some text after figure
      Text: .
    }
  }
  Slide: BLockquote Tests {
    [data-heading-level="1"]
    [data-layout="normal"]
    Heading: BLockquote Tests {
      Text: BLockquote
      Text: Tests
    }
    Blockquote: three\ {
      Blockquote: three\ {
        Paragraph: three\ {
          Text: three
          Text: continue teh
          Text: quote
        }
      }
      Paragraph: ahem (citation) {
        Text: ahem
        Text: (citation)
      }
    }
    List: lists :shark: {
      ListItem: lists :shark: {
        Paragraph: lists :shark: {
          Text: lists
          Emote: shark {
            [class="icon"]
            Text: shark
          }
        }
      }
      ListItem: ("lists") {
        Paragraph: ("lists") {
          Text: (
          Text: “
          Text: lists
          Text: ”
          Text: )
        }
      }
      ListItem: lists[^ft] {
        Paragraph: lists[^ft] {
          Text: lists
          FootnoteReference
        }
      }
    }
    FootnoteDefinition: notes des noteshrink {
      Paragraph: notes des noteshrink {
        Text: notes des
        Text: noteshrink
        Text: slkfj sadlk fjsldkfj
        Text: slkdjf
      }
      Paragraph: ft paragraph ![luth](media/cat_1.jpg "weee sdf sd fsdfsd fsd {
        Text: ft paragraph
        Image: luth {
          Text: luth
        }
      }
    }
    Aside: Aside element here. {
      Paragraph: Aside element here. {
        Text: Aside element here
        Text: .
      }
    }
  }
  Slide: hmm tables {
    [data-layout="normal"]
    Paragraph: hmm tables {
      Text: hmm
      Text: tables
    }
    Table: Tables {
      TableHeader: Tables {
        TableCell: Tables {
          Text: Tables
        }
        TableCell: Are {
          Text: Are
        }
        TableCell: Cool {
          Text: Cool
        }
      }
      TableBody: col 3 is {
        TableRow: col 3 is {
          TableCell: col 3 is {
            Text: col 3
            Text: is
          }
          TableCell: right-aligned {
            Text: right
            Text: -aligned
          }
          TableCell: $1600 {
            Text: $1600
          }
        }
        TableRow: col 2 is {
          TableCell: col 2 is {
            Text: col 2
            Text: is
          }
          TableCell: ~~centered~~ {
            Strikethrough: centered {
              Text: centered
            }
          }
          TableCell: $12 {
            Text: $12
          }
        }
        TableRow: zebra stripes {
          TableCell: zebra stripes {
            Text: zebra
            Text: stripes
          }
          TableCell: are neat {
            Text: are
            Text: neat
          }
          TableCell: $1 {
            Text: $1
          }
        }
      }
    }
    Paragraph: quite fun {
      Text: quite
      Text: fun
    }
  }
  Slide: Presentation Title1 {
    [data-heading-level="1"]
    [data-layout="normal"]
    Heading: Presentation Title1 {
      Text: Presentation
      Text: Title1
    }
    Paragraph: :) :checkbox: \:cat: :salad: \;) \!\[slashes\]\(in brackets\ {
      Text: :)
      Emote: checkbox {
        [class="icon"]
        Text: checkbox
      }
      Text: :cat:
      Emote: salad {
        [class="icon"]
        Text: salad
      }
      Text: ;) ![slashes](in brackets) \
      Emote: cat {
        [class="icon"]
        Text: cat
      }
      Text: \\ hmm:
      Text: -)
    }
    List: [x] # first ahem {
      ListItem: [x] # first ahem {
        [task-status="completed"]
        Paragraph: [x] # first ahem {
          Text: # first
          Text: ahem
        }
      }
      ListItem: [ ] first long line dksfj sdfl ksdjf lskajf lsadkjf lsakjf l {
        [task-status="active"]
        Paragraph: [ ] first long line dksfj sdfl ksdjf lskajf lsadkjf lsakjf l {
          Text: first long line dksfj sdfl ksdjf lskajf lsadkjf lsakjf lskjd
          Text: ksladfjsakdf
        }
      }
      ListItem: [X] last {
        [task-status="completed"]
        Paragraph: [X] last {
          Text: last
        }
        List: [ ] almost {
          ListItem: [ ] almost {
            [task-status="active"]
            Paragraph: [ ] almost {
              Text: almost
            }
          }
          ListItem: oh greatski {
            Paragraph: oh greatski {
              Text: oh
              Text: greatski
            }
          }
          ListItem: [ ] sdfskdf {
            [task-status="active"]
            Paragraph: [ ] sdfskdf {
              Text: sdfskdf
            }
            Paragraph: continued paragraph {
              Text: continued
              Text: paragraph
            }
          }
        }
      }
    }
    Paragraph: just a regular paragraph {
      Text: just a regular
      Text: paragraph
    }
    HTMLBlock
  }
  Slide: hmmm ![luth](media/cat_2.jpg "weee sdf sd fsdfsd fsd fsdf sd {
    [data-layout="normal"]
    Paragraph: hmmm ![luth](media/cat_2.jpg "weee sdf sd fsdfsd fsd fsdf sd {
      Text: hmmm
      Image: luth {
        Text: luth
      }
    }
    Blockquote: full block blockquote лыво адлыовалд :) ыоадл оывдал оывдла {
      Paragraph: full block blockquote лыво адлыовалд :) ыоадл оывдал оывдла  {
        Text: full block blockquote лыво адлыовалд :) ыоадл оывдал оывдла 
        Text: (Cite)
      }
      Paragraph: лыво адлыовалд ыоадл оывдал оывдла оыдлвао длыоа длывоадл ыо {
        Text: лыво адлыовалд ыоадл оывдал оывдла оыдлвао длыоа длывоадл ыо
        Text: 2)
      }
      Paragraph: лыво адлыовалд ыоадл оывдал оывдла оыдлвао длыоа длывоадл ыо {
        Text: лыво адлыовалд ыоадл оывдал оывдла оыдлвао длыоа длывоадл ыо
        Text: 3)
      }
    }
    CodeBlock
    CodeBlock
    Figure: luth {
      Image: luth {
        Text: luth
      }
    }
    Paragraph: **Bold** {
      Strong: Bold {
        Text: Bold
      }
    }
  }
  Slide: Martin Luther {
    [data-heading-level="2"]
    [data-layout="normal"]
    Heading: Martin Luther {
      Text: Martin
      Text: Luther
    }
    Blockquote: ![luth](media/cat_3.jpg "weee sdf sd fsdfsd fsd fsdf sd fsd {
      Blockquote: ![luth](media/cat_3.jpg "weee sdf sd fsdfsd fsd fsdf sd fsd {
        Paragraph: ![luth](media/cat_3.jpg "weee sdf sd fsdfsd fsd fsdf sd fsd  {
          Image: luth {
            Text: luth
          }
        }
      }
    }
  }
  Slide: Martin Luther Left {
    [data-heading-level="2"]
    [data-layout="normal"]
    Heading: Martin Luther Left {
      Text: Martin Luther
      Text: Left
    }
    Blockquote: ![luth](media/cat_1.jpg "weee sdf sd fsdfsd fsd fsdf sd fsd {
      Blockquote: ![luth](media/cat_1.jpg "weee sdf sd fsdfsd fsd fsdf sd fsd {
        Paragraph: ![luth](media/cat_1.jpg "weee sdf sd fsdfsd fsd fsdf sd fsd  {
          Image: luth {
            Text: luth
          }
        }
      }
    }
    Paragraph: is it something rather? or what? {
      Text: is it something rather? or
      Text: what?
      Text: quoted figure
      Text: first
    }
  }
  Slide: Martin Luther Right {
    [data-heading-level="2"]
    [data-layout="normal"]
    Heading: Martin Luther Right {
      Text: Martin Luther
      Text: Right
    }
    Paragraph: is it something rather? or what? {
      Text: is it something rather? or
      Text: what?
      Text: quoted figure
      Text: first
    }
    Blockquote: ![luth](media/cat_2.jpg "weee sdf sd fsdfsd fsd fsdf sd fsd {
      Blockquote: ![luth](media/cat_2.jpg "weee sdf sd fsdfsd fsd fsdf sd fsd {
        Paragraph: ![luth](media/cat_2.jpg "weee sdf sd fsdfsd fsd fsdf sd fsd  {
          Image: luth {
            Text: luth
          }
        }
      }
    }
  }
  Slide: second title {
    [data-heading-level="1"]
    [data-layout="normal"]
    Heading: second title {
      Text: second
      Text: title
    }
    Paragraph: first {
      Text: first
    }
    CodeBlock
    Paragraph: second {
      Text: second
    }
    CodeBlock
  }
  Slide: Definition Title {
    [data-layout="normal"]
    CodeBlock
    CodeBlock
    CodeBlock
    DefinitionList: Definition Title {
      DefinitionTerm: Definition Title {
        Text: Definition
        Text: Title
      }
      DefinitionDescription: 1 Definition Content @TODO {
        Paragraph: 1 Definition Content @TODO {
          Text: 1 Definition Content
          Text: @TODO
        }
      }
      DefinitionDescription: 2 Definition Content @TODO {
        Paragraph: 2 Definition Content @TODO {
          Text: 2 Definition Content
          Text: @TODO
        }
      }
      DefinitionDescription: 3 Definition Content @TODO {
        Paragraph: 3 Definition Content @TODO {
          Text: 3 Definition Content
          Text: @TODO
        }
      }
    }
  }
  Slide: regular paragraph {
    [data-layout="normal"]
    CodeBlock
    Paragraph: regular paragraph {
      Text: regular
      Text: paragraph
    }
    CodeBlock
    Figure: luth {
      Image: luth {
        Text: luth
      }
    }
  }
  Slide: Luther is the best hackman protestor test {
    [data-layout="normal"]
    Heading: Luther is the best hackman protestor test {
      Text: Luther is the best hackman protestor
      Text: test
    }
    Paragraph: aside left <cite>On the Freedom of the Will</cite> by Martin {
      Text: aside left
      RawHTML
      Text: On the Freedom of the Will
      RawHTML
      Text: by Martin
      Text: Luther
    }
    Paragraph: hmm {
      Text: hmm
    }
    HTMLBlock
    Heading: Left Aside Block {
      Text: Left Aside
      Text: Block
    }
    Paragraph: {>> dsfsdfdf s <<} {
      Text: {
      Text: »
      Text: dsfsdfdf s
      Text: «
      Text: }
    }
    Paragraph: sdflksdf lsd <mark>jflksdjflk</mark> <emote>sdf</emote> {
      Text: sdflksdf lsd
      RawHTML
      Text: jflksdjflk
      RawHTML
      Text
      RawHTML
      Text: sdf
      RawHTML
    }
  }
  Slide: [>] aside right {
    [data-layout="normal"]
    Paragraph: [>] aside right {
      Text: [
      Text: >] aside
      Text: right
    }
    Heading: Right Aside Block {
      Text: Right Aside
      Text: Block
    }
    Paragraph: лоыв адлывоа длывоадл ывоа длыовадл ыовдало ыдвлаоыдвлоа гш  {
      Text: лоыв адлывоа длывоадл ывоа длыовадл ыовдало ыдвлаоыдвлоа гш 
      Text: 6876876
    }
    Paragraph: sdflksdf lsd jflksdjflk sdf {
      Text: sdflksdf lsd jflksdjflk
      Text: sdf
    }
  }
  Slide: luth {
    [data-layout="normal"]
    Figure: luth {
      Image: luth {
        Text: luth
      }
    }
  }
  Slide: Demo Python Code {
    [data-heading-level="1"]
    [data-layout="normal"]
    Heading: Demo Python Code {
      Text: Demo Python
      Text: Code
    }
    Paragraph: notice :*) sdfjskdf *fdgkj* dfgkj :-) :home: :winkey: {
      Text: notice :*
      Text: ) sdfjskdf
      Emphasis: fdgkj {
        Text: fdgkj
      }
      Text: dfgkj :-)
      Emote: home {
        [class="icon"]
        Text: home
      }
      Text
      Emote: winkey {
        [class="icon"]
        Text: winkey
      }
    }
    Paragraph: ok :enterkey: :100: \:100: \:) {
      Text: ok
      Emote: enterkey {
        [class="icon"]
        Text: enterkey
      }
      Text
      Emote: 100 {
        [class="icon"]
        Text: 100
      }
      Text: :100:
      Text: :)
    }
    Paragraph: sdf kjsdkfj sdf :-) dksjfkds ;-) :ok: sddsf :-D %-) {
      Text: sdf kjsdkfj sdf :-) dksjfkds ;-)
      Emote: ok {
        [class="icon"]
        Text: ok
      }
      Text: sddsf :-D %
      Text: -)
    }
    List: [x] dfgdfg {
      ListItem: [x] dfgdfg {
        [task-status="completed"]
        Paragraph: [x] dfgdfg {
          Text: dfgdfg
        }
      }
      ListItem: [ ] dfgdfg {
        [task-status="active"]
        Paragraph: [ ] dfgdfg {
          Text: dfgdfg
        }
      }
    }
    Paragraph: ==sdfsdf sdfsdf== {
      Text: ==sdfsdf
      Text: sdfsdf==
      Strikethrough: dsfsdf dfgdfgfdg {
        Text: dsfsdf dfgdfgfdg
      }
    }
    CodeBlock
  }
  Slide: [!] # ывадлывоаы ывдаок8щу54 {
    [data-layout="normal"]
    Paragraph: [!] # ывадлывоаы ывдаок8щу54 {
      Text: [
      Text: !] # ывадлывоаы
      Text: ывдаок8щу54
    }
    Paragraph: The archive containing this game weighs 13.21 megabytes, whi {
      Text: The archive containing this game weighs 13.21 megabytes, whi
      FootnoteReference
      Text: Despite fitting its entire logic in under 10 megabytes of da
      Text: .
    }
    FootnoteDefinition: this is a great test question `code in it` {
      Paragraph: this is a great test question `code in it` {
        Text: this is a great test question
        CodeSpan
      }
    }
    Blockquote: and a block quote {
      Paragraph: and a block quote {
        Text: and a block
        Text: quote
      }
    }
  }
  Slide: ya this is greatski {
    [data-heading-level="1"]
    [data-layout="normal"]
    Heading: ya this is greatski {
      Text: ya this is
      Text: greatski
    }
    Paragraph: yep it really ist {
      Text: yep it really
      Text: ist
    }
    CodeBlock
  }
  Slide: ya this is greatski {
    [data-heading-level="1"]
    [data-layout="normal"]
    Heading: ya this is greatski {
      Text: ya this is
      Text: greatski
    }
    CodeBlock
  }
  Slide: [!] ![](media/cat_3.jpg) {
    [data-layout="normal"]
    Paragraph: [!] ![](media/cat_3.jpg) {
      Text: [
      Text: !]
      Image
    }
    Paragraph: yep it really ist {
      Text: yep it really
      Text: ist
    }
  }
  Slide: ya this is greatski {
    [data-heading-level="1"]
    [data-layout="normal"]
    Heading: ya this is greatski {
      Text: ya this is
      Text: greatski
    }
    Paragraph: yep it really ist {
      Text: yep it really
      Text: ist
    }
  }
  Slide: ya this is greatski {
    [data-heading-level="1"]
    [data-layout="left-aside"]
    Heading: ya this is greatski {
      Text: ya this is
      Text: greatski
    }
    Figure: splash {
      Image: splash {
        Text: splash
      }
    }
    Paragraph: yep it really ist {
      Text: yep it really
      Text: ist
    }
    Paragraph: Commodo cillum cupidatat minim quis nostrud excepteur fugiat {
      Text: Commodo cillum cupidatat minim quis nostrud excepteur fugiat
      Text: .
    }
    Paragraph: Incididunt ea nostrud esse cupidatat ipsum ullamco labore es {
      Text: Incididunt ea nostrud esse cupidatat ipsum ullamco labore es
      Text: .
    }
    Paragraph: Labore reprehenderit tempor incididunt velit minim non nisi  {
      Text: Labore reprehenderit tempor incididunt velit minim non nisi 
      Text: .
    }
    Paragraph: Ex ea sint eiusmod culpa deserunt commodo irure fugiat fugia {
      Text: Ex ea sint eiusmod culpa deserunt commodo irure fugiat fugia
      Text: .
    }
    Paragraph: Et sint ex cupidatat veniam veniam nulla adipisicing Lorem q {
      Text: Et sint ex cupidatat veniam veniam nulla adipisicing Lorem q
      Text: .
    }
    Paragraph: Aute aliqua voluptate culpa cupidatat pariatur consectetur a {
      Text: Aute aliqua voluptate culpa cupidatat pariatur consectetur a
      Text: .
    }
    Paragraph: Commodo non enim ex laborum nostrud aute Lorem et quis non d {
      Text: Commodo non enim ex laborum nostrud aute Lorem et quis non d
      Text: .
    }
    Paragraph: Eiusmod do irure nulla aliquip aute eu tempor eu deserunt te {
      Text: Eiusmod do irure nulla aliquip aute eu tempor eu deserunt te
      Text: .
    }
  }
  Slide: block quote fun {
    [data-layout="normal"]
    Blockquote: block quote fun {
      Paragraph: block quote fun {
        Text: block quote
        Text: fun
      }
    }
    List: !one {
      ListItem: !one {
        Paragraph: !one {
          Text: !one
        }
      }
      ListItem: !two {
        Paragraph: !two {
          Text: !two
        }
      }
      ListItem: !three {
        Paragraph: !three {
          Text: !three
        }
      }
    }
  }
  Slide: one {
    [data-layout="normal"]
    List: one {
      ListItem: one {
        Paragraph: one {
          Text: one
        }
      }
      ListItem: two {
        Paragraph: two {
          Text: two
        }
      }
      ListItem: three {
        Paragraph: three {
          Text: three
        }
      }
    }
  }
  Slide: image {
    [data-layout="normal"]
    Figure: image {
      Image: image {
        Text: image
      }
    }
    Paragraph: this is image test {
      Text: this is image
      Text: test
    }
    Paragraph: [?] question1? {
      Text: [
      Text: ?]
      Text: question1?
      Text: [
      Text: ?]
      Text: question2
    }
  }
  Slide: dfgkldf glkj {
    [data-layout="normal"]
    Paragraph: dfgkldf glkj {
      Text: dfgkldf
      Text: glkj
    }
    Paragraph: [?] prof note1 {
      Text: [
      Text: ?] prof
      Text: note1
    }
  }
  Slide: [?] student note1 {
    [data-layout="normal"]
    Paragraph: [?] student note1 {
      Text: [
      Text: ?] student
      Text: note1
    }
    Paragraph: dfgkldf glkoreo {
      Text: dfgkldf
      Text: glkoreo
    }
  }
  Slide: title {
    [data-heading-level="1"]
    [data-layout="normal"]
    Heading: title {
      Text: title
    }
    Paragraph: The archive containing this game weighs 13.21 megabytes, whi {
      Text: The archive containing this game weighs 13.21 megabytes, whi
      Text: .
    }
    Blockquote: block quote fun {
      Paragraph: block quote fun {
        Text: block quote
        Text: fun
      }
    }
  }
}
